120 90
21907
80
33 51
33 72
33 93
33 114
33 135
45 49
46 128
51 70
51 91
51 112
52 41
52 136
58 62
58 133
63 34
63 145
71 56
71 77
71 108
71 129
72 93
84 34
84 145
92 56
92 77
92 108
92 129
93 93
103 56
103 77
103 108
103 129
105 34
105 145
114 93
116 55
116 76
116 114
116 135
126 34
126 145
135 93
136 56
136 77
136 108
136 129
147 34
147 145
156 93
157 56
157 77
157 108
157 129
168 34
168 56
168 77
168 108
168 129
168 145
177 93
181 55
181 76
181 114
181 135
182 34
182 147
186 136
190 45
191 97
198 137
202 50
204 62
204 83
204 104
204 125
207 126
215 52
215 73
215 94
215 115
