120 90
21507
84
28 62
28 83
28 104
28 125
31 42
31 126
39 40
42 129
44 130
48 51
48 65
48 107
48 128
51 86
52 38
54 30
55 141
55 143
65 34
69 143
71 56
71 71
71 108
71 123
72 71
72 86
72 123
86 34
90 143
91 86
91 143
92 56
92 108
93 50
93 71
93 102
93 123
107 34
112 55
112 65
112 86
112 107
112 122
112 143
128 34
133 86
133 143
136 56
136 71
136 108
136 123
137 71
137 123
149 34
151 143
154 86
157 56
157 108
158 50
158 71
158 102
158 123
160 86
170 34
172 143
173 141
175 30
180 139
181 55
181 76
181 97
181 118
186 41
192 40
192 131
204 52
204 73
204 94
204 115
205 51
205 72
205 93
205 105
205 126
